###############################################################################
#
# IAR ELF Linker V8.20.2.14835/W32 for ARM                08/Mar/2018  21:10:26
# Copyright 2007-2017 IAR Systems AB.
#
#    Output file  =  
#        D:\workspace\LPLD_OSKinetis_V3\project\Overload\iar\BOOT\Exe\Overload_K60DZ10.out
#    Map file     =  
#        D:\workspace\LPLD_OSKinetis_V3\project\Overload\iar\BOOT\List\Overload_K60DZ10.map
#    Command line =  
#        -f C:\Users\JoyC\AppData\Local\Temp\EWD865.tmp
#        (D:\workspace\LPLD_OSKinetis_V3\project\Overload\iar\BOOT\Obj\alloc.o
#        D:\workspace\LPLD_OSKinetis_V3\project\Overload\iar\BOOT\Obj\assert.o
#        D:\workspace\LPLD_OSKinetis_V3\project\Overload\iar\BOOT\Obj\Camera.o
#        D:\workspace\LPLD_OSKinetis_V3\project\Overload\iar\BOOT\Obj\HW_ADC.o
#        D:\workspace\LPLD_OSKinetis_V3\project\Overload\iar\BOOT\Obj\HW_DMA.o
#        D:\workspace\LPLD_OSKinetis_V3\project\Overload\iar\BOOT\Obj\HW_FTM.o
#        D:\workspace\LPLD_OSKinetis_V3\project\Overload\iar\BOOT\Obj\HW_GPIO.o
#        D:\workspace\LPLD_OSKinetis_V3\project\Overload\iar\BOOT\Obj\HW_MCG.o
#        D:\workspace\LPLD_OSKinetis_V3\project\Overload\iar\BOOT\Obj\HW_PIT.o
#        D:\workspace\LPLD_OSKinetis_V3\project\Overload\iar\BOOT\Obj\HW_UART.o
#        D:\workspace\LPLD_OSKinetis_V3\project\Overload\iar\BOOT\Obj\io.o
#        D:\workspace\LPLD_OSKinetis_V3\project\Overload\iar\BOOT\Obj\Key.o
#        D:\workspace\LPLD_OSKinetis_V3\project\Overload\iar\BOOT\Obj\Motor.o
#        D:\workspace\LPLD_OSKinetis_V3\project\Overload\iar\BOOT\Obj\OLED.o
#        D:\workspace\LPLD_OSKinetis_V3\project\Overload\iar\BOOT\Obj\Overload.o
#        D:\workspace\LPLD_OSKinetis_V3\project\Overload\iar\BOOT\Obj\printf.o
#        D:\workspace\LPLD_OSKinetis_V3\project\Overload\iar\BOOT\Obj\queue.o
#        D:\workspace\LPLD_OSKinetis_V3\project\Overload\iar\BOOT\Obj\relocate.o
#        D:\workspace\LPLD_OSKinetis_V3\project\Overload\iar\BOOT\Obj\Server.o
#        D:\workspace\LPLD_OSKinetis_V3\project\Overload\iar\BOOT\Obj\startup_K60DZ10.o
#        D:\workspace\LPLD_OSKinetis_V3\project\Overload\iar\BOOT\Obj\stdlib.o
#        D:\workspace\LPLD_OSKinetis_V3\project\Overload\iar\BOOT\Obj\system_MK60.o
#        D:\workspace\LPLD_OSKinetis_V3\project\Overload\iar\BOOT\Obj\uif.o
#        --redirect _Printf=_PrintfFullNoMb --redirect _Scanf=_ScanfFullNoMb -o
#        D:\workspace\LPLD_OSKinetis_V3\project\Overload\iar\BOOT\Exe\Overload_K60DZ10.out
#        --map
#        D:\workspace\LPLD_OSKinetis_V3\project\Overload\iar\BOOT\List\Overload_K60DZ10.map
#        --config
#        D:\workspace\LPLD_OSKinetis_V3\project\Overload\iar\..\..\..\lib\iar_config_files\LPLD_K60DN512_BOOT.icf
#        --semihosting --entry __iar_program_start "D:\Program Files\IAR
#        Systems\Embedded Workbench 8.0\arm\CMSIS\Lib\IAR\iar_cortexM4l_math.a"
#        --merge_duplicate_sections --vfe --text_out locale)
#
###############################################################################

*******************************************************************************
*** RUNTIME MODEL ATTRIBUTES
***

CppFlavor       = *
__SystemLibrary = DLib
__dlib_version  = 6


*******************************************************************************
*** HEAP SELECTION
***

The basic heap was selected because no calls to memory allocation
functions were found in the application outside of system library
functions, and there are calls to deallocation functions in the
application.


*******************************************************************************
*** PLACEMENT SUMMARY
***

"A0":  place at 0x00005000 { ro section .intvec };
"A1":  place at 0x00005410 { ro section .noinit };
define block CodeRelocate { section .textrw_init };
"P1":  place in [from 0x00005000 to 0x000053ff] |
                [from 0x00005410 to 0x00080000] { ro, block CodeRelocate };
define block CodeRelocateRam { section .textrw };
define block CSTACK with size = 8K, alignment = 8 { };
define block HEAP with size = 8K, alignment = 8 { };
"P2":  place in [from 0x1fff0410 to 0x20010000] {
          rw, block CodeRelocateRam, block CSTACK, block HEAP };
initialize manually with packing = copy, complex ranges { section .data };
initialize manually with packing = copy, complex ranges { section .textrw };

  Section              Kind        Address    Size  Object
  -------              ----        -------    ----  ------
"A0":                                        0x400
  .intvec              ro code  0x00005000   0x400  startup_K60DZ10.o [1]
                              - 0x00005400   0x400

"A1":                                         0x14
  .noinit              ro code  0x00005410    0x10  startup_K60DZ10.o [1]
  .noinit              ro code  0x00005420     0x4  startup_K60DZ10.o [1]
                              - 0x00005424    0x14

"P1":                                       0x30cc
  .text                ro code  0x00005424   0x954  HW_FTM.o [1]
  .text                ro code  0x00005d78    0x14  assert.o [1]
  .text                ro code  0x00005d8c    0x86  ABImemcpy.o [5]
  .text                ro code  0x00005e14   0x4d0  printf.o [1]
  .text                ro code  0x000062e4    0x1c  stdlib.o [1]
  .text                ro code  0x00006300   0x730  HW_UART.o [1]
  .text                ro code  0x00006a30   0x618  system_MK60.o [1]
  .text                ro code  0x00007048    0xa0  relocate.o [1]
  Veneer               ro code  0x000070e8     0x8  - Linker created -
  .text                ro code  0x000070f0   0x1bc  HW_MCG.o [1]
  .rodata              const    0x000072ac   0x400  OLED.o [1]
  .text                ro code  0x000076ac   0x288  OLED.o [1]
  .text                ro code  0x00007934   0x1f4  HW_GPIO.o [1]
  .text                ro code  0x00007b28   0x16c  HW_DMA.o [1]
  .text                ro code  0x00007c94    0xd0  Key.o [1]
  .text                ro code  0x00007d64    0x54  Server.o [1]
  .text                ro code  0x00007db8    0x6c  HW_PIT.o [1]
  CodeRelocate                  0x00007e24    0x50  <Block>
    Initializer bytes  const    0x00007e24    0x50  <for CodeRelocateRam-1>
  .rodata              const    0x00007e74    0x48  system_MK60.o [1]
  .rodata              const    0x00007ebc    0x44  system_MK60.o [1]
  .rodata              const    0x00007f00    0x44  system_MK60.o [1]
  .text                ro code  0x00007f44    0x40  zero_init3.o [5]
  .rodata              const    0x00007f84    0x38  HW_GPIO.o [1]
  .rodata              const    0x00007fbc    0x34  HW_FTM.o [1]
  .rodata              const    0x00007ff0    0x30  assert.o [1]
  .rodata              const    0x00008020    0x30  system_MK60.o [1]
  .rodata              const    0x00008050    0x30  system_MK60.o [1]
  .rodata              const    0x00008080    0x28  system_MK60.o [1]
  .text                ro code  0x000080a8    0x28  data_init.o [5]
  .rodata              const    0x000080d0    0x24  system_MK60.o [1]
  .rodata              const    0x000080f4    0x24  system_MK60.o [1]
  .iar.init_table      const    0x00008118    0x10  - Linker created -
  .rodata              const    0x00008128    0x20  system_MK60.o [1]
  .rodata              const    0x00008148    0x20  system_MK60.o [1]
  .rodata              const    0x00008168    0x20  system_MK60.o [1]
  .rodata              const    0x00008188    0x20  system_MK60.o [1]
  .text                ro code  0x000081a8    0x1e  cmain.o [5]
  .text                ro code  0x000081c6     0x4  low_level_init.o [3]
  .text                ro code  0x000081ca    0x18  Overload.o [1]
  .text                ro code  0x000081e2     0x4  exit.o [3]
  .text                ro code  0x000081e8     0xa  cexit.o [5]
  .text                ro code  0x000081f4    0x14  exit.o [6]
  .rodata              const    0x00008208    0x1c  system_MK60.o [1]
  .rodata              const    0x00008224    0x1c  system_MK60.o [1]
  .rodata              const    0x00008240    0x1c  system_MK60.o [1]
  .rodata              const    0x0000825c    0x18  system_MK60.o [1]
  .rodata              const    0x00008274    0x18  system_MK60.o [1]
  .rodata              const    0x0000828c    0x18  system_MK60.o [1]
  .rodata              const    0x000082a4    0x18  system_MK60.o [1]
  .rodata              const    0x000082bc    0x18  system_MK60.o [1]
  .rodata              const    0x000082d4    0x18  system_MK60.o [1]
  .rodata              const    0x000082ec    0x18  system_MK60.o [1]
  .rodata              const    0x00008304    0x18  system_MK60.o [1]
  .rodata              const    0x0000831c    0x18  system_MK60.o [1]
  .rodata              const    0x00008334    0x18  system_MK60.o [1]
  .text                ro code  0x0000834c    0x18  HW_ADC.o [1]
  .rodata              const    0x00008364    0x14  system_MK60.o [1]
  .rodata              const    0x00008378    0x14  system_MK60.o [1]
  .rodata              const    0x0000838c    0x14  system_MK60.o [1]
  .rodata              const    0x000083a0    0x14  system_MK60.o [1]
  .rodata              const    0x000083b4    0x14  system_MK60.o [1]
  .rodata              const    0x000083c8    0x14  system_MK60.o [1]
  .text                ro code  0x000083dc    0x14  io.o [1]
  .data_init                    0x000083f0    0x14  <Block>
    Initializer bytes  const    0x000083f0    0x14  <for .data-1>
  .rodata              const    0x00008404    0x10  system_MK60.o [1]
  .rodata              const    0x00008414    0x10  system_MK60.o [1]
  .rodata              const    0x00008424    0x10  system_MK60.o [1]
  .rodata              const    0x00008434     0xc  system_MK60.o [1]
  .rodata              const    0x00008440     0xc  system_MK60.o [1]
  .text                ro code  0x0000844c     0xc  cstartup_M.o [5]
  .rodata              const    0x00008458     0x8  system_MK60.o [1]
  .rodata              const    0x00008460     0x8  system_MK60.o [1]
  .rodata              const    0x00008468     0x8  system_MK60.o [1]
  .rodata              const    0x00008470     0x8  system_MK60.o [1]
  .rodata              const    0x00008478     0x8  system_MK60.o [1]
  .rodata              const    0x00008480     0x8  system_MK60.o [1]
  .rodata              const    0x00008488     0x8  system_MK60.o [1]
  .rodata              const    0x00008490     0x8  system_MK60.o [1]
  .rodata              const    0x00008498     0x8  system_MK60.o [1]
  .rodata              const    0x000084a0     0x8  system_MK60.o [1]
  .rodata              const    0x000084a8     0x8  system_MK60.o [1]
  .rodata              const    0x000084b0     0x8  system_MK60.o [1]
  .rodata              const    0x000084b8     0x8  system_MK60.o [1]
  .rodata              const    0x000084c0     0x8  system_MK60.o [1]
  .rodata              const    0x000084c8     0x8  system_MK60.o [1]
  .rodata              const    0x000084d0     0x8  system_MK60.o [1]
  .rodata              const    0x000084d8     0x8  system_MK60.o [1]
  .rodata              const    0x000084e0     0x8  system_MK60.o [1]
  .rodata              const    0x000084e8     0x8  system_MK60.o [1]
  .rodata              const    0x000084f0     0x0  zero_init3.o [5]
                              - 0x000084f0  0x30cc

"P2", part 1 of 3:                            0x64
  CodeRelocateRam               0x1fff0410    0x50  <Block>
    CodeRelocateRam-1           0x1fff0410    0x50  <Init block>
      .textrw          inited   0x1fff0410    0x50  HW_MCG.o [1]
  .data                         0x1fff0460    0x14  <Block>
    .data-1                     0x1fff0460    0x14  <Init block>
      .data            inited   0x1fff0460     0x4  HW_MCG.o [1]
      .data            inited   0x1fff0464     0x4  HW_MCG.o [1]
      .data            inited   0x1fff0468     0x4  HW_MCG.o [1]
      .data            inited   0x1fff046c     0x4  HW_MCG.o [1]
      .data            inited   0x1fff0470     0x4  system_MK60.o [1]
                              - 0x1fff0474    0x64

"P2", part 2 of 3:                            0xdc
  .bss                          0x1fff0474    0xdc  <Block>
    .bss               zero     0x1fff0474     0x8  HW_ADC.o [1]
    .bss               zero     0x1fff047c    0x40  HW_DMA.o [1]
    .bss               zero     0x1fff04bc     0xc  HW_FTM.o [1]
    .bss               zero     0x1fff04c8    0x14  HW_GPIO.o [1]
    .bss               zero     0x1fff04dc    0x10  HW_PIT.o [1]
    .bss               zero     0x1fff04ec    0x18  HW_UART.o [1]
    .bss               zero     0x1fff0504    0x18  HW_UART.o [1]
    .bss               zero     0x1fff051c    0x14  Key.o [1]
    .bss               zero     0x1fff0530     0x4  Key.o [1]
    .bss               zero     0x1fff0534    0x1c  Server.o [1]
                              - 0x1fff0550    0xdc

"P2", part 3 of 3:                          0x2000
  CSTACK                        0x1fff0550  0x2000  <Block>
    CSTACK             uninit   0x1fff0550  0x2000  <Block tail>
                              - 0x1fff2550  0x2000


*******************************************************************************
*** INIT TABLE
***

          Address     Size
          -------     ----
Zero (__iar_zero_init3)
    1 destination range, total size 0xdc:
          0x1fff0474  0xdc



*******************************************************************************
*** MODULE SUMMARY
***

    Module             ro code  rw code  ro data  rw data
    ------             -------  -------  -------  -------
D:\workspace\LPLD_OSKinetis_V3\project\Overload\iar\BOOT\Obj: [1]
    HW_ADC.o                24                          8
    HW_DMA.o               364                         64
    HW_FTM.o             2 388                52       12
    HW_GPIO.o              500                56       20
    HW_MCG.o               444       80       96       16
    HW_PIT.o               108                         16
    HW_UART.o            1 840                         48
    Key.o                  208                         24
    OLED.o                 648             1 024
    Overload.o              24
    Server.o                84                         28
    assert.o                20                48
    io.o                    20
    printf.o             1 232
    relocate.o             160
    startup_K60DZ10.o    1 044
    stdlib.o                28
    system_MK60.o        1 560             1 216        4
    -----------------------------------------------------
    Total:              10 696       80    2 492      240

command line: [2]
    -----------------------------------------------------
    Total:

dl7M_tln.a: [3]
    exit.o                   4
    low_level_init.o         4
    -----------------------------------------------------
    Total:                   8

m7M_tl.a: [4]
    -----------------------------------------------------
    Total:

rt7M_tl.a: [5]
    ABImemcpy.o            134
    cexit.o                 10
    cmain.o                 30
    cstartup_M.o            12
    data_init.o             40
    zero_init3.o            64
    -----------------------------------------------------
    Total:                 290

shb_l.a: [6]
    exit.o                  20
    -----------------------------------------------------
    Total:                  20

    Gaps                     6
    Linker created           8                16    8 192
---------------------------------------------------------
    Grand Total:        11 028       80    2 508    8 432


*******************************************************************************
*** ENTRY LIST
***

Entry                      Address   Size  Type      Object
-----                      -------   ----  ----      ------
.bss$$Base              0x1fff0474          --   Gb  - Linker created -
.bss$$Limit             0x1fff0550          --   Gb  - Linker created -
.data$$Base             0x1fff0460          --   Gb  - Linker created -
.data$$Limit            0x1fff0474          --   Gb  - Linker created -
.data_init$$Base        0x000083f0          --   Gb  - Linker created -
.data_init$$Limit       0x00008404          --   Gb  - Linker created -
.iar.init_table$$Base   0x00008118          --   Gb  - Linker created -
.iar.init_table$$Limit  0x00008128          --   Gb  - Linker created -
?main                   0x000081a9         Code  Gb  cmain.o [5]
ADC0_IRQHandler         0x0000834d    0xa  Code  Gb  HW_ADC.o [1]
ADC1_IRQHandler         0x00008357    0xa  Code  Gb  HW_ADC.o [1]
ADC_ISR                 0x1fff0474    0x8  Data  Gb  HW_ADC.o [1]
ASSERT_FAILED_STR       0x00007ff0   0x30  Data  Gb  assert.o [1]
CSTACK$$Base            0x1fff0550          --   Gb  - Linker created -
CSTACK$$Limit           0x1fff2550          --   Gb  - Linker created -
CodeRelocate$$Base      0x00007e24          --   Gb  - Linker created -
CodeRelocate$$Limit     0x00007e74          --   Gb  - Linker created -
CodeRelocateRam$$Base   0x1fff0410          --   Gb  - Linker created -
CodeRelocateRam$$Limit  0x1fff0460          --   Gb  - Linker created -
DMA0_IRQHandler         0x00007b29   0x16  Code  Gb  HW_DMA.o [1]
DMA10_IRQHandler        0x00007c05   0x16  Code  Gb  HW_DMA.o [1]
DMA11_IRQHandler        0x00007c1b   0x16  Code  Gb  HW_DMA.o [1]
DMA12_IRQHandler        0x00007c31   0x16  Code  Gb  HW_DMA.o [1]
DMA13_IRQHandler        0x00007c47   0x16  Code  Gb  HW_DMA.o [1]
DMA14_IRQHandler        0x00007c5d   0x16  Code  Gb  HW_DMA.o [1]
DMA15_IRQHandler        0x00007c73   0x16  Code  Gb  HW_DMA.o [1]
DMA1_IRQHandler         0x00007b3f   0x16  Code  Gb  HW_DMA.o [1]
DMA2_IRQHandler         0x00007b55   0x16  Code  Gb  HW_DMA.o [1]
DMA3_IRQHandler         0x00007b6b   0x16  Code  Gb  HW_DMA.o [1]
DMA4_IRQHandler         0x00007b81   0x16  Code  Gb  HW_DMA.o [1]
DMA5_IRQHandler         0x00007b97   0x16  Code  Gb  HW_DMA.o [1]
DMA6_IRQHandler         0x00007bad   0x16  Code  Gb  HW_DMA.o [1]
DMA7_IRQHandler         0x00007bc3   0x16  Code  Gb  HW_DMA.o [1]
DMA8_IRQHandler         0x00007bd9   0x16  Code  Gb  HW_DMA.o [1]
DMA9_IRQHandler         0x00007bef   0x16  Code  Gb  HW_DMA.o [1]
DMA_ISR                 0x1fff047c   0x40  Data  Gb  HW_DMA.o [1]
DefaultISR              0x00006ba7   0x16  Code  Gb  system_MK60.o [1]
Diagnostic_Reset_Source
                        0x00006e61   0x82  Code  Lc  system_MK60.o [1]
Draw_MyLogo             0x000078e5   0x36  Code  Gb  OLED.o [1]
FTM0_IRQHandler         0x00005ce9    0xa  Code  Gb  HW_FTM.o [1]
FTM1_IRQHandler         0x00005cf3    0xa  Code  Gb  HW_FTM.o [1]
FTM2_IRQHandler         0x00005cfd    0xa  Code  Gb  HW_FTM.o [1]
FTM_ISR                 0x1fff04bc    0xc  Data  Gb  HW_FTM.o [1]
GPIO_ISR                0x1fff04c8   0x14  Data  Gb  HW_GPIO.o [1]
HardFault_Handler       0x00006b9b    0xc  Code  Gb  system_MK60.o [1]
Key_Handler             0x00007c95   0x72  Code  Gb  Key.o [1]
Key_Init                0x00007d07   0x4a  Code  Gb  Key.o [1]
LCD_DLY_ms              0x000077b5   0x16  Code  Gb  OLED.o [1]
LCD_Fill                0x00007775   0x40  Code  Gb  OLED.o [1]
LCD_GPIO_Init           0x000077d3   0x36  Code  Gb  OLED.o [1]
LCD_Init                0x00007809   0xdc  Code  Gb  OLED.o [1]
LCD_Set_Pos             0x00007745   0x30  Code  Gb  OLED.o [1]
LCD_WrCmd               0x000076f9   0x4c  Code  Gb  OLED.o [1]
LCD_WrDat               0x000076ad   0x4c  Code  Gb  OLED.o [1]
LPLD_FTM_DEC_Init       0x00005ce1    0x8  Code  Lc  HW_FTM.o [1]
LPLD_FTM_IC_Init        0x00005727   0x98  Code  Lc  HW_FTM.o [1]
LPLD_FTM_Init           0x00005425  0x122  Code  Gb  HW_FTM.o [1]
LPLD_FTM_PWM_ChangeDuty
                        0x000055b3   0x4e  Code  Gb  HW_FTM.o [1]
LPLD_FTM_PWM_Enable     0x00005547   0x6c  Code  Gb  HW_FTM.o [1]
LPLD_FTM_PWM_Init       0x00005601  0x126  Code  Lc  HW_FTM.o [1]
LPLD_FTM_PinInit        0x000057bf  0x4ca  Code  Lc  HW_FTM.o [1]
LPLD_FTM_QD_Init        0x00005ca5   0x3c  Code  Lc  HW_FTM.o [1]
LPLD_GPIO_EnableIrq     0x00007a35   0x4e  Code  Gb  HW_GPIO.o [1]
LPLD_GPIO_Init          0x00007951   0xe4  Code  Gb  HW_GPIO.o [1]
LPLD_PLL_Setup          0x000070f1  0x1bc  Code  Gb  HW_MCG.o [1]
LPLD_Set_SYS_DIV        0x1fff0411   0x50  Code  Gb  HW_MCG.o [1]
LPLD_UART_Init          0x00006301  0x428  Code  Gb  HW_UART.o [1]
LPLD_UART_PutChar       0x00006729    0xa  Code  Gb  HW_UART.o [1]
OverLoad                0x000072ac  0x400  Data  Gb  OLED.o [1]
PIT0_IRQHandler         0x00007db9   0x16  Code  Gb  HW_PIT.o [1]
PIT1_IRQHandler         0x00007dcf   0x16  Code  Gb  HW_PIT.o [1]
PIT2_IRQHandler         0x00007de5   0x16  Code  Gb  HW_PIT.o [1]
PIT3_IRQHandler         0x00007dfb   0x16  Code  Gb  HW_PIT.o [1]
PIT_ISR                 0x1fff04dc   0x10  Data  Gb  HW_PIT.o [1]
PORTA_IRQHandler        0x00007a83   0x12  Code  Gb  HW_GPIO.o [1]
PORTB_IRQHandler        0x00007a95   0x12  Code  Gb  HW_GPIO.o [1]
PORTC_IRQHandler        0x00007aa7   0x12  Code  Gb  HW_GPIO.o [1]
PORTD_IRQHandler        0x00007ab9   0x12  Code  Gb  HW_GPIO.o [1]
PORTE_IRQHandler        0x00007acb   0x12  Code  Gb  HW_GPIO.o [1]
Region$$Table$$Base     0x00008118          --   Gb  - Linker created -
Region$$Table$$Limit    0x00008128          --   Gb  - Linker created -
Server_Drive            0x00007d9d   0x10  Code  Gb  Server.o [1]
Server_Init             0x00007d65   0x38  Code  Gb  Server.o [1]
SystemCoreClock         0x1fff0470    0x4  Data  Gb  system_MK60.o [1]
SystemCoreClockUpdate   0x00006b6d   0x2e  Code  Gb  system_MK60.o [1]
SystemInit              0x00006a31  0x13c  Code  Gb  system_MK60.o [1]
Time_Delay              0x000077cb    0x8  Code  Gb  OLED.o [1]
UART0_ERR_IRQHandler    0x00006a25    0x2  Code  Gb  HW_UART.o [1]
UART0_IRQHandler        0x00006733   0x58  Code  Gb  HW_UART.o [1]
UART1_ERR_IRQHandler    0x00006a27    0x2  Code  Gb  HW_UART.o [1]
UART1_IRQHandler        0x0000678b   0x58  Code  Gb  HW_UART.o [1]
UART2_ERR_IRQHandler    0x00006a29    0x2  Code  Gb  HW_UART.o [1]
UART2_IRQHandler        0x000067e3   0x58  Code  Gb  HW_UART.o [1]
UART3_ERR_IRQHandler    0x00006a2b    0x2  Code  Gb  HW_UART.o [1]
UART3_IRQHandler        0x0000683b   0x58  Code  Gb  HW_UART.o [1]
UART4_ERR_IRQHandler    0x00006a2d    0x2  Code  Gb  HW_UART.o [1]
UART4_IRQHandler        0x00006893   0x58  Code  Gb  HW_UART.o [1]
UART5_ERR_IRQHandler    0x00006a2f    0x2  Code  Gb  HW_UART.o [1]
UART5_IRQHandler        0x000068eb   0x58  Code  Gb  HW_UART.o [1]
UART_R_ISR              0x1fff04ec   0x18  Data  Gb  HW_UART.o [1]
UART_T_ISR              0x1fff0504   0x18  Data  Gb  HW_UART.o [1]
__NVIC_EnableIRQ        0x00007935   0x1c  Code  Lc  HW_GPIO.o [1]
__VECTOR_RAM {Abs}      0x1fff0000         Data  Gb  command line/config [2]
__VECTOR_TABLE {Abs}    0x00005000         Data  Gb  command line/config [2]
__Vectors               0x00005000          --   Gb  startup_K60DZ10.o [1]
__Vectors_End           0x00005400         Data  Gb  startup_K60DZ10.o [1]
__Vectors_Size {Abs}    0x00000400          --   Gb  startup_K60DZ10.o [1]
__aeabi_memcpy4         0x00005d8d         Code  Gb  ABImemcpy.o [5]
__aeabi_memcpy8         0x00005d8d         Code  Gb  ABImemcpy.o [5]
__cmain                 0x000081a9         Code  Gb  cmain.o [5]
__exit                  0x000081f5   0x14  Code  Gb  exit.o [6]
__iar_data_init3        0x000080a9   0x28  Code  Gb  data_init.o [5]
__iar_program_start     0x0000844d         Code  Gb  cstartup_M.o [5]
__iar_systems$$module {Abs}
                        0x00000001         Data  Gb  command line/config [2]
__iar_zero_init3        0x00007f45   0x40  Code  Gb  zero_init3.o [5]
__low_level_init        0x000081c7    0x4  Code  Gb  low_level_init.o [3]
__vector_table          0x00005000         Data  Gb  startup_K60DZ10.o [1]
__vector_table_0x1c     0x0000501c         Data  Gb  startup_K60DZ10.o [1]
_call_main              0x000081b5         Code  Gb  cmain.o [5]
_exit                   0x000081e9         Code  Gb  cexit.o [5]
_main                   0x000081c3         Code  Gb  cmain.o [5]
assert_failed           0x00005d79   0x14  Code  Gb  assert.o [1]
common_relocate         0x00007049   0xa0  Code  Gb  relocate.o [1]
cpu_identify            0x00006bc1  0x1fa  Code  Lc  system_MK60.o [1]
duty                    0x1fff0530    0x4  Data  Gb  Key.o [1]
exit                    0x000081e3    0x4  Code  Gb  exit.o [3]
flash_identify          0x00006dbb   0xa6  Code  Lc  system_MK60.o [1]
g_bus_clock             0x1fff0464    0x4  Data  Gb  HW_MCG.o [1]
g_core_clock            0x1fff0460    0x4  Data  Gb  HW_MCG.o [1]
g_flash_clock           0x1fff0468    0x4  Data  Gb  HW_MCG.o [1]
g_flexbus_clock         0x1fff046c    0x4  Data  Gb  HW_MCG.o [1]
key_init_struct         0x1fff051c   0x14  Data  Gb  Key.o [1]
main                    0x000081cb   0x18  Code  Gb  Overload.o [1]
out_char                0x000083dd    0xe  Code  Gb  io.o [1]
printf                  0x000062c3   0x1c  Code  Gb  printf.o [1]
printk                  0x00005ef3  0x3d0  Code  Gb  printf.o [1]
printk_mknumstr         0x00005e41   0x76  Code  Lc  printf.o [1]
printk_pad_space        0x00005ed5   0x1e  Code  Lc  printf.o [1]
printk_pad_zero         0x00005eb7   0x1e  Code  Lc  printf.o [1]
printk_putc             0x00005e15   0x2c  Code  Lc  printf.o [1]
server_PWM_init_struct  0x1fff0534   0x1c  Data  Gb  Server.o [1]
strlen                  0x000062e5   0x1c  Code  Gb  stdlib.o [1]


[1] = D:\workspace\LPLD_OSKinetis_V3\project\Overload\iar\BOOT\Obj
[2] = command line
[3] = dl7M_tln.a
[4] = m7M_tl.a
[5] = rt7M_tl.a
[6] = shb_l.a

  11 028 bytes of readonly  code memory
      80 bytes of readwrite code memory
   2 508 bytes of readonly  data memory
   8 432 bytes of readwrite data memory

Errors: none
Warnings: none
