###############################################################################
#
# IAR ELF Linker V8.20.2.14835/W32 for ARM                08/Mar/2018  21:10:50
# Copyright 2007-2017 IAR Systems AB.
#
#    Output file  =  
#        D:\workspace\LPLD_OSKinetis_V3\project\Overload\iar\RAM\Exe\Overload_K60DZ10.out
#    Map file     =  
#        D:\workspace\LPLD_OSKinetis_V3\project\Overload\iar\RAM\List\Overload_K60DZ10.map
#    Command line =  
#        -f C:\Users\JoyC\AppData\Local\Temp\EW37AC.tmp
#        (D:\workspace\LPLD_OSKinetis_V3\project\Overload\iar\RAM\Obj\alloc.o
#        D:\workspace\LPLD_OSKinetis_V3\project\Overload\iar\RAM\Obj\assert.o
#        D:\workspace\LPLD_OSKinetis_V3\project\Overload\iar\RAM\Obj\Camera.o
#        D:\workspace\LPLD_OSKinetis_V3\project\Overload\iar\RAM\Obj\HW_ADC.o
#        D:\workspace\LPLD_OSKinetis_V3\project\Overload\iar\RAM\Obj\HW_DMA.o
#        D:\workspace\LPLD_OSKinetis_V3\project\Overload\iar\RAM\Obj\HW_FTM.o
#        D:\workspace\LPLD_OSKinetis_V3\project\Overload\iar\RAM\Obj\HW_GPIO.o
#        D:\workspace\LPLD_OSKinetis_V3\project\Overload\iar\RAM\Obj\HW_MCG.o
#        D:\workspace\LPLD_OSKinetis_V3\project\Overload\iar\RAM\Obj\HW_PIT.o
#        D:\workspace\LPLD_OSKinetis_V3\project\Overload\iar\RAM\Obj\HW_UART.o
#        D:\workspace\LPLD_OSKinetis_V3\project\Overload\iar\RAM\Obj\io.o
#        D:\workspace\LPLD_OSKinetis_V3\project\Overload\iar\RAM\Obj\Key.o
#        D:\workspace\LPLD_OSKinetis_V3\project\Overload\iar\RAM\Obj\Motor.o
#        D:\workspace\LPLD_OSKinetis_V3\project\Overload\iar\RAM\Obj\OLED.o
#        D:\workspace\LPLD_OSKinetis_V3\project\Overload\iar\RAM\Obj\Overload.o
#        D:\workspace\LPLD_OSKinetis_V3\project\Overload\iar\RAM\Obj\printf.o
#        D:\workspace\LPLD_OSKinetis_V3\project\Overload\iar\RAM\Obj\queue.o
#        D:\workspace\LPLD_OSKinetis_V3\project\Overload\iar\RAM\Obj\relocate.o
#        D:\workspace\LPLD_OSKinetis_V3\project\Overload\iar\RAM\Obj\Server.o
#        D:\workspace\LPLD_OSKinetis_V3\project\Overload\iar\RAM\Obj\startup_K60DZ10.o
#        D:\workspace\LPLD_OSKinetis_V3\project\Overload\iar\RAM\Obj\stdlib.o
#        D:\workspace\LPLD_OSKinetis_V3\project\Overload\iar\RAM\Obj\system_MK60.o
#        D:\workspace\LPLD_OSKinetis_V3\project\Overload\iar\RAM\Obj\uif.o
#        --redirect _Printf=_PrintfFullNoMb --redirect _Scanf=_ScanfFullNoMb -o
#        D:\workspace\LPLD_OSKinetis_V3\project\Overload\iar\RAM\Exe\Overload_K60DZ10.out
#        --map
#        D:\workspace\LPLD_OSKinetis_V3\project\Overload\iar\RAM\List\Overload_K60DZ10.map
#        --config
#        D:\workspace\LPLD_OSKinetis_V3\project\Overload\iar\..\..\..\lib\iar_config_files\LPLD_K60DN512_RAM.icf
#        --semihosting --entry __iar_program_start "D:\Program Files\IAR
#        Systems\Embedded Workbench 8.0\arm\CMSIS\Lib\IAR\iar_cortexM4l_math.a"
#        --vfe --text_out locale)
#
###############################################################################

*******************************************************************************
*** RUNTIME MODEL ATTRIBUTES
***

CppFlavor       = *
__SystemLibrary = DLib
__dlib_version  = 6


*******************************************************************************
*** HEAP SELECTION
***

The basic heap was selected because no calls to memory allocation
functions were found in the application outside of system library
functions, and there are calls to deallocation functions in the
application.


*******************************************************************************
*** PLACEMENT SUMMARY
***

"A0":  place at 0x1fff0000 { ro section .intvec };
"A1":  place at 0x1fff0410 { ro section .noinit };
define block CodeRelocate { section .textrw_init };
"P1":  place in [from 0x1fff0000 to 0x20010000] { ro, block CodeRelocate };
define block CodeRelocateRam { section .textrw };
define block CSTACK with size = 1K, alignment = 8 { };
define block HEAP with size = 2K, alignment = 8 { };
"P2":  place in [from 0x1fff0000 to 0x20010000] {
          rw, block CodeRelocateRam, block CSTACK, block HEAP };
initialize manually with packing = copy, complex ranges { section .data };
initialize manually with packing = copy, complex ranges { section .textrw };

  Section              Kind        Address    Size  Object
  -------              ----        -------    ----  ------
"A0":                                        0x400
  .intvec              ro code  0x1fff0000   0x400  startup_K60DZ10.o [1]
                              - 0x1fff0400   0x400

"P1-P2", part 1 of 3:                          0x0
  .rodata              const    0x1fff0400     0x0  zero_init3.o [5]

"A1":                                         0x14
  .noinit              ro code  0x1fff0410    0x10  startup_K60DZ10.o [1]
  .noinit              ro code  0x1fff0420     0x4  startup_K60DZ10.o [1]
                              - 0x1fff0424    0x14

"P1-P2", part 2 of 3:                       0x3204
  .text                ro code  0x1fff0424   0x954  HW_FTM.o [1]
  .text                ro code  0x1fff0d78    0x14  assert.o [1]
  .text                ro code  0x1fff0d8c    0x86  ABImemcpy.o [5]
  .text                ro code  0x1fff0e14   0x4d0  printf.o [1]
  .text                ro code  0x1fff12e4    0x1c  stdlib.o [1]
  .text                ro code  0x1fff1300   0x730  HW_UART.o [1]
  .text                ro code  0x1fff1a30   0x618  system_MK60.o [1]
  .text                ro code  0x1fff2048    0xa0  relocate.o [1]
  .text                ro code  0x1fff20e8   0x1bc  HW_MCG.o [1]
  .rodata              const    0x1fff22a4   0x400  OLED.o [1]
  .text                ro code  0x1fff26a4   0x288  OLED.o [1]
  .text                ro code  0x1fff292c   0x1f4  HW_GPIO.o [1]
  .text                ro code  0x1fff2b20   0x16c  HW_DMA.o [1]
  .text                ro code  0x1fff2c8c    0xd0  Key.o [1]
  .text                ro code  0x1fff2d5c    0x54  Server.o [1]
  .text                ro code  0x1fff2db0    0x6c  HW_PIT.o [1]
  CodeRelocate                  0x1fff2e1c    0x50  <Block>
    Initializer bytes  const    0x1fff2e1c    0x50  <for CodeRelocateRam-1>
  .rodata              const    0x1fff2e6c    0x48  system_MK60.o [1]
  .rodata              const    0x1fff2eb4    0x44  system_MK60.o [1]
  .rodata              const    0x1fff2ef8    0x44  system_MK60.o [1]
  .text                ro code  0x1fff2f3c    0x40  zero_init3.o [5]
  .rodata              const    0x1fff2f7c    0x38  HW_GPIO.o [1]
  .rodata              const    0x1fff2fb4    0x34  HW_FTM.o [1]
  .rodata              const    0x1fff2fe8    0x30  assert.o [1]
  .rodata              const    0x1fff3018    0x30  system_MK60.o [1]
  .rodata              const    0x1fff3048    0x30  system_MK60.o [1]
  .rodata              const    0x1fff3078    0x28  system_MK60.o [1]
  .text                ro code  0x1fff30a0    0x28  data_init.o [5]
  .rodata              const    0x1fff30c8    0x24  system_MK60.o [1]
  .rodata              const    0x1fff30ec    0x24  system_MK60.o [1]
  .iar.init_table      const    0x1fff3110    0x10  - Linker created -
  .rodata              const    0x1fff3120    0x20  system_MK60.o [1]
  .rodata              const    0x1fff3140    0x20  system_MK60.o [1]
  .rodata              const    0x1fff3160    0x20  system_MK60.o [1]
  .rodata              const    0x1fff3180    0x20  system_MK60.o [1]
  .text                ro code  0x1fff31a0    0x1e  cmain.o [5]
  .text                ro code  0x1fff31be     0x4  low_level_init.o [3]
  .text                ro code  0x1fff31c2    0x18  Overload.o [1]
  .text                ro code  0x1fff31da     0x4  exit.o [3]
  .text                ro code  0x1fff31e0     0xa  cexit.o [5]
  .text                ro code  0x1fff31ec    0x14  exit.o [6]
  .rodata              const    0x1fff3200    0x1c  system_MK60.o [1]
  .rodata              const    0x1fff321c    0x1c  system_MK60.o [1]
  .rodata              const    0x1fff3238    0x1c  system_MK60.o [1]
  .rodata              const    0x1fff3254    0x18  system_MK60.o [1]
  .rodata              const    0x1fff326c    0x18  system_MK60.o [1]
  .rodata              const    0x1fff3284    0x18  system_MK60.o [1]
  .rodata              const    0x1fff329c    0x18  system_MK60.o [1]
  .rodata              const    0x1fff32b4    0x18  system_MK60.o [1]
  .rodata              const    0x1fff32cc    0x18  system_MK60.o [1]
  .rodata              const    0x1fff32e4    0x18  system_MK60.o [1]
  .rodata              const    0x1fff32fc    0x18  system_MK60.o [1]
  .rodata              const    0x1fff3314    0x18  system_MK60.o [1]
  .rodata              const    0x1fff332c    0x18  system_MK60.o [1]
  .text                ro code  0x1fff3344    0x18  HW_ADC.o [1]
  .rodata              const    0x1fff335c    0x14  system_MK60.o [1]
  .rodata              const    0x1fff3370    0x14  system_MK60.o [1]
  .rodata              const    0x1fff3384    0x14  system_MK60.o [1]
  .rodata              const    0x1fff3398    0x14  system_MK60.o [1]
  .rodata              const    0x1fff33ac    0x14  system_MK60.o [1]
  .rodata              const    0x1fff33c0    0x14  system_MK60.o [1]
  .text                ro code  0x1fff33d4    0x14  io.o [1]
  .data_init                    0x1fff33e8    0x14  <Block>
    Initializer bytes  const    0x1fff33e8    0x14  <for .data-1>
  .rodata              const    0x1fff33fc    0x10  system_MK60.o [1]
  .rodata              const    0x1fff340c    0x10  system_MK60.o [1]
  .rodata              const    0x1fff341c    0x10  system_MK60.o [1]
  .rodata              const    0x1fff342c     0xc  system_MK60.o [1]
  .rodata              const    0x1fff3438     0xc  system_MK60.o [1]
  .text                ro code  0x1fff3444     0xc  cstartup_M.o [5]
  .rodata              const    0x1fff3450     0x8  system_MK60.o [1]
  .rodata              const    0x1fff3458     0x8  system_MK60.o [1]
  .rodata              const    0x1fff3460     0x8  system_MK60.o [1]
  .rodata              const    0x1fff3468     0x8  system_MK60.o [1]
  .rodata              const    0x1fff3470     0x8  system_MK60.o [1]
  .rodata              const    0x1fff3478     0x8  system_MK60.o [1]
  .rodata              const    0x1fff3480     0x8  system_MK60.o [1]
  .rodata              const    0x1fff3488     0x8  system_MK60.o [1]
  .rodata              const    0x1fff3490     0x8  system_MK60.o [1]
  .rodata              const    0x1fff3498     0x8  system_MK60.o [1]
  .rodata              const    0x1fff34a0     0x8  system_MK60.o [1]
  .rodata              const    0x1fff34a8     0x8  system_MK60.o [1]
  .rodata              const    0x1fff34b0     0x8  system_MK60.o [1]
  .rodata              const    0x1fff34b8     0x8  system_MK60.o [1]
  .rodata              const    0x1fff34c0     0x8  system_MK60.o [1]
  .rodata              const    0x1fff34c8     0x8  system_MK60.o [1]
  .rodata              const    0x1fff34d0     0x8  system_MK60.o [1]
  .rodata              const    0x1fff34d8     0x8  system_MK60.o [1]
  .rodata              const    0x1fff34e0     0x8  system_MK60.o [1]
  CodeRelocateRam               0x1fff34e8    0x50  <Block>
    CodeRelocateRam-1           0x1fff34e8    0x50  <Init block>
      .textrw          inited   0x1fff34e8    0x50  HW_MCG.o [1]
  .data                         0x1fff3538    0x14  <Block>
    .data-1                     0x1fff3538    0x14  <Init block>
      .data            inited   0x1fff3538     0x4  HW_MCG.o [1]
      .data            inited   0x1fff353c     0x4  HW_MCG.o [1]
      .data            inited   0x1fff3540     0x4  HW_MCG.o [1]
      .data            inited   0x1fff3544     0x4  HW_MCG.o [1]
      .data            inited   0x1fff3548     0x4  system_MK60.o [1]
  .bss                          0x1fff354c    0xdc  <Block>
    .bss               zero     0x1fff354c     0x8  HW_ADC.o [1]
    .bss               zero     0x1fff3554    0x40  HW_DMA.o [1]
    .bss               zero     0x1fff3594     0xc  HW_FTM.o [1]
    .bss               zero     0x1fff35a0    0x14  HW_GPIO.o [1]
    .bss               zero     0x1fff35b4    0x10  HW_PIT.o [1]
    .bss               zero     0x1fff35c4    0x18  HW_UART.o [1]
    .bss               zero     0x1fff35dc    0x18  HW_UART.o [1]
    .bss               zero     0x1fff35f4    0x14  Key.o [1]
    .bss               zero     0x1fff3608     0x4  Key.o [1]
    .bss               zero     0x1fff360c    0x1c  Server.o [1]
                              - 0x1fff3628  0x3204

"P1-P2", part 3 of 3:                        0x400
  CSTACK                        0x1fff3628   0x400  <Block>
    CSTACK             uninit   0x1fff3628   0x400  <Block tail>
                              - 0x1fff3a28   0x400


*******************************************************************************
*** INIT TABLE
***

          Address     Size
          -------     ----
Zero (__iar_zero_init3)
    1 destination range, total size 0xdc:
          0x1fff354c  0xdc



*******************************************************************************
*** MODULE SUMMARY
***

    Module             ro code  rw code  ro data  rw data
    ------             -------  -------  -------  -------
D:\workspace\LPLD_OSKinetis_V3\project\Overload\iar\RAM\Obj: [1]
    HW_ADC.o                24                          8
    HW_DMA.o               364                         64
    HW_FTM.o             2 388                52       12
    HW_GPIO.o              500                56       20
    HW_MCG.o               444       80       96       16
    HW_PIT.o               108                         16
    HW_UART.o            1 840                         48
    Key.o                  208                         24
    OLED.o                 648             1 024
    Overload.o              24
    Server.o                84                         28
    assert.o                20                48
    io.o                    20
    printf.o             1 232
    relocate.o             160
    startup_K60DZ10.o    1 044
    stdlib.o                28
    system_MK60.o        1 560             1 216        4
    -----------------------------------------------------
    Total:              10 696       80    2 492      240

command line: [2]
    -----------------------------------------------------
    Total:

dl7M_tln.a: [3]
    exit.o                   4
    low_level_init.o         4
    -----------------------------------------------------
    Total:                   8

m7M_tl.a: [4]
    -----------------------------------------------------
    Total:

rt7M_tl.a: [5]
    ABImemcpy.o            134
    cexit.o                 10
    cmain.o                 30
    cstartup_M.o            12
    data_init.o             40
    zero_init3.o            64
    -----------------------------------------------------
    Total:                 290

shb_l.a: [6]
    exit.o                  20
    -----------------------------------------------------
    Total:                  20

    Gaps                     6
    Linker created                            16    1 024
---------------------------------------------------------
    Grand Total:        11 020       80    2 508    1 264


*******************************************************************************
*** ENTRY LIST
***

Entry                      Address   Size  Type      Object
-----                      -------   ----  ----      ------
.bss$$Base              0x1fff354c          --   Gb  - Linker created -
.bss$$Limit             0x1fff3628          --   Gb  - Linker created -
.data$$Base             0x1fff3538          --   Gb  - Linker created -
.data$$Limit            0x1fff354c          --   Gb  - Linker created -
.data_init$$Base        0x1fff33e8          --   Gb  - Linker created -
.data_init$$Limit       0x1fff33fc          --   Gb  - Linker created -
.iar.init_table$$Base   0x1fff3110          --   Gb  - Linker created -
.iar.init_table$$Limit  0x1fff3120          --   Gb  - Linker created -
?main                   0x1fff31a1         Code  Gb  cmain.o [5]
ADC0_IRQHandler         0x1fff3345    0xa  Code  Gb  HW_ADC.o [1]
ADC1_IRQHandler         0x1fff334f    0xa  Code  Gb  HW_ADC.o [1]
ADC_ISR                 0x1fff354c    0x8  Data  Gb  HW_ADC.o [1]
ASSERT_FAILED_STR       0x1fff2fe8   0x30  Data  Gb  assert.o [1]
CSTACK$$Base            0x1fff3628          --   Gb  - Linker created -
CSTACK$$Limit           0x1fff3a28          --   Gb  - Linker created -
CodeRelocate$$Base      0x1fff2e1c          --   Gb  - Linker created -
CodeRelocate$$Limit     0x1fff2e6c          --   Gb  - Linker created -
CodeRelocateRam$$Base   0x1fff34e8          --   Gb  - Linker created -
CodeRelocateRam$$Limit  0x1fff3538          --   Gb  - Linker created -
DMA0_IRQHandler         0x1fff2b21   0x16  Code  Gb  HW_DMA.o [1]
DMA10_IRQHandler        0x1fff2bfd   0x16  Code  Gb  HW_DMA.o [1]
DMA11_IRQHandler        0x1fff2c13   0x16  Code  Gb  HW_DMA.o [1]
DMA12_IRQHandler        0x1fff2c29   0x16  Code  Gb  HW_DMA.o [1]
DMA13_IRQHandler        0x1fff2c3f   0x16  Code  Gb  HW_DMA.o [1]
DMA14_IRQHandler        0x1fff2c55   0x16  Code  Gb  HW_DMA.o [1]
DMA15_IRQHandler        0x1fff2c6b   0x16  Code  Gb  HW_DMA.o [1]
DMA1_IRQHandler         0x1fff2b37   0x16  Code  Gb  HW_DMA.o [1]
DMA2_IRQHandler         0x1fff2b4d   0x16  Code  Gb  HW_DMA.o [1]
DMA3_IRQHandler         0x1fff2b63   0x16  Code  Gb  HW_DMA.o [1]
DMA4_IRQHandler         0x1fff2b79   0x16  Code  Gb  HW_DMA.o [1]
DMA5_IRQHandler         0x1fff2b8f   0x16  Code  Gb  HW_DMA.o [1]
DMA6_IRQHandler         0x1fff2ba5   0x16  Code  Gb  HW_DMA.o [1]
DMA7_IRQHandler         0x1fff2bbb   0x16  Code  Gb  HW_DMA.o [1]
DMA8_IRQHandler         0x1fff2bd1   0x16  Code  Gb  HW_DMA.o [1]
DMA9_IRQHandler         0x1fff2be7   0x16  Code  Gb  HW_DMA.o [1]
DMA_ISR                 0x1fff3554   0x40  Data  Gb  HW_DMA.o [1]
DefaultISR              0x1fff1ba7   0x16  Code  Gb  system_MK60.o [1]
Diagnostic_Reset_Source
                        0x1fff1e61   0x82  Code  Lc  system_MK60.o [1]
Draw_MyLogo             0x1fff28dd   0x36  Code  Gb  OLED.o [1]
FTM0_IRQHandler         0x1fff0ce9    0xa  Code  Gb  HW_FTM.o [1]
FTM1_IRQHandler         0x1fff0cf3    0xa  Code  Gb  HW_FTM.o [1]
FTM2_IRQHandler         0x1fff0cfd    0xa  Code  Gb  HW_FTM.o [1]
FTM_ISR                 0x1fff3594    0xc  Data  Gb  HW_FTM.o [1]
GPIO_ISR                0x1fff35a0   0x14  Data  Gb  HW_GPIO.o [1]
HardFault_Handler       0x1fff1b9b    0xc  Code  Gb  system_MK60.o [1]
Key_Handler             0x1fff2c8d   0x72  Code  Gb  Key.o [1]
Key_Init                0x1fff2cff   0x4a  Code  Gb  Key.o [1]
LCD_DLY_ms              0x1fff27ad   0x16  Code  Gb  OLED.o [1]
LCD_Fill                0x1fff276d   0x40  Code  Gb  OLED.o [1]
LCD_GPIO_Init           0x1fff27cb   0x36  Code  Gb  OLED.o [1]
LCD_Init                0x1fff2801   0xdc  Code  Gb  OLED.o [1]
LCD_Set_Pos             0x1fff273d   0x30  Code  Gb  OLED.o [1]
LCD_WrCmd               0x1fff26f1   0x4c  Code  Gb  OLED.o [1]
LCD_WrDat               0x1fff26a5   0x4c  Code  Gb  OLED.o [1]
LPLD_FTM_DEC_Init       0x1fff0ce1    0x8  Code  Lc  HW_FTM.o [1]
LPLD_FTM_IC_Init        0x1fff0727   0x98  Code  Lc  HW_FTM.o [1]
LPLD_FTM_Init           0x1fff0425  0x122  Code  Gb  HW_FTM.o [1]
LPLD_FTM_PWM_ChangeDuty
                        0x1fff05b3   0x4e  Code  Gb  HW_FTM.o [1]
LPLD_FTM_PWM_Enable     0x1fff0547   0x6c  Code  Gb  HW_FTM.o [1]
LPLD_FTM_PWM_Init       0x1fff0601  0x126  Code  Lc  HW_FTM.o [1]
LPLD_FTM_PinInit        0x1fff07bf  0x4ca  Code  Lc  HW_FTM.o [1]
LPLD_FTM_QD_Init        0x1fff0ca5   0x3c  Code  Lc  HW_FTM.o [1]
LPLD_GPIO_EnableIrq     0x1fff2a2d   0x4e  Code  Gb  HW_GPIO.o [1]
LPLD_GPIO_Init          0x1fff2949   0xe4  Code  Gb  HW_GPIO.o [1]
LPLD_PLL_Setup          0x1fff20e9  0x1bc  Code  Gb  HW_MCG.o [1]
LPLD_Set_SYS_DIV        0x1fff34e9   0x50  Code  Gb  HW_MCG.o [1]
LPLD_UART_Init          0x1fff1301  0x428  Code  Gb  HW_UART.o [1]
LPLD_UART_PutChar       0x1fff1729    0xa  Code  Gb  HW_UART.o [1]
OverLoad                0x1fff22a4  0x400  Data  Gb  OLED.o [1]
PIT0_IRQHandler         0x1fff2db1   0x16  Code  Gb  HW_PIT.o [1]
PIT1_IRQHandler         0x1fff2dc7   0x16  Code  Gb  HW_PIT.o [1]
PIT2_IRQHandler         0x1fff2ddd   0x16  Code  Gb  HW_PIT.o [1]
PIT3_IRQHandler         0x1fff2df3   0x16  Code  Gb  HW_PIT.o [1]
PIT_ISR                 0x1fff35b4   0x10  Data  Gb  HW_PIT.o [1]
PORTA_IRQHandler        0x1fff2a7b   0x12  Code  Gb  HW_GPIO.o [1]
PORTB_IRQHandler        0x1fff2a8d   0x12  Code  Gb  HW_GPIO.o [1]
PORTC_IRQHandler        0x1fff2a9f   0x12  Code  Gb  HW_GPIO.o [1]
PORTD_IRQHandler        0x1fff2ab1   0x12  Code  Gb  HW_GPIO.o [1]
PORTE_IRQHandler        0x1fff2ac3   0x12  Code  Gb  HW_GPIO.o [1]
Region$$Table$$Base     0x1fff3110          --   Gb  - Linker created -
Region$$Table$$Limit    0x1fff3120          --   Gb  - Linker created -
Server_Drive            0x1fff2d95   0x10  Code  Gb  Server.o [1]
Server_Init             0x1fff2d5d   0x38  Code  Gb  Server.o [1]
SystemCoreClock         0x1fff3548    0x4  Data  Gb  system_MK60.o [1]
SystemCoreClockUpdate   0x1fff1b6d   0x2e  Code  Gb  system_MK60.o [1]
SystemInit              0x1fff1a31  0x13c  Code  Gb  system_MK60.o [1]
Time_Delay              0x1fff27c3    0x8  Code  Gb  OLED.o [1]
UART0_ERR_IRQHandler    0x1fff1a25    0x2  Code  Gb  HW_UART.o [1]
UART0_IRQHandler        0x1fff1733   0x58  Code  Gb  HW_UART.o [1]
UART1_ERR_IRQHandler    0x1fff1a27    0x2  Code  Gb  HW_UART.o [1]
UART1_IRQHandler        0x1fff178b   0x58  Code  Gb  HW_UART.o [1]
UART2_ERR_IRQHandler    0x1fff1a29    0x2  Code  Gb  HW_UART.o [1]
UART2_IRQHandler        0x1fff17e3   0x58  Code  Gb  HW_UART.o [1]
UART3_ERR_IRQHandler    0x1fff1a2b    0x2  Code  Gb  HW_UART.o [1]
UART3_IRQHandler        0x1fff183b   0x58  Code  Gb  HW_UART.o [1]
UART4_ERR_IRQHandler    0x1fff1a2d    0x2  Code  Gb  HW_UART.o [1]
UART4_IRQHandler        0x1fff1893   0x58  Code  Gb  HW_UART.o [1]
UART5_ERR_IRQHandler    0x1fff1a2f    0x2  Code  Gb  HW_UART.o [1]
UART5_IRQHandler        0x1fff18eb   0x58  Code  Gb  HW_UART.o [1]
UART_R_ISR              0x1fff35c4   0x18  Data  Gb  HW_UART.o [1]
UART_T_ISR              0x1fff35dc   0x18  Data  Gb  HW_UART.o [1]
__BOOT_STACK_ADDRESS {Abs}
                        0x2000fff8         Data  Gb  command line/config [2]
__NVIC_EnableIRQ        0x1fff292d   0x1c  Code  Lc  HW_GPIO.o [1]
__VECTOR_RAM {Abs}      0x1fff0000         Data  Gb  command line/config [2]
__VECTOR_TABLE {Abs}    0x1fff0000         Data  Gb  command line/config [2]
__Vectors               0x1fff0000          --   Gb  startup_K60DZ10.o [1]
__Vectors_End           0x1fff0400         Data  Gb  startup_K60DZ10.o [1]
__Vectors_Size {Abs}    0x00000400          --   Gb  startup_K60DZ10.o [1]
__aeabi_memcpy4         0x1fff0d8d         Code  Gb  ABImemcpy.o [5]
__aeabi_memcpy8         0x1fff0d8d         Code  Gb  ABImemcpy.o [5]
__cmain                 0x1fff31a1         Code  Gb  cmain.o [5]
__exit                  0x1fff31ed   0x14  Code  Gb  exit.o [6]
__iar_data_init3        0x1fff30a1   0x28  Code  Gb  data_init.o [5]
__iar_program_start     0x1fff3445         Code  Gb  cstartup_M.o [5]
__iar_systems$$module {Abs}
                        0x00000001         Data  Gb  command line/config [2]
__iar_zero_init3        0x1fff2f3d   0x40  Code  Gb  zero_init3.o [5]
__low_level_init        0x1fff31bf    0x4  Code  Gb  low_level_init.o [3]
__vector_table          0x1fff0000         Data  Gb  startup_K60DZ10.o [1]
__vector_table_0x1c     0x1fff001c         Data  Gb  startup_K60DZ10.o [1]
_call_main              0x1fff31ad         Code  Gb  cmain.o [5]
_exit                   0x1fff31e1         Code  Gb  cexit.o [5]
_main                   0x1fff31bb         Code  Gb  cmain.o [5]
assert_failed           0x1fff0d79   0x14  Code  Gb  assert.o [1]
common_relocate         0x1fff2049   0xa0  Code  Gb  relocate.o [1]
cpu_identify            0x1fff1bc1  0x1fa  Code  Lc  system_MK60.o [1]
duty                    0x1fff3608    0x4  Data  Gb  Key.o [1]
exit                    0x1fff31db    0x4  Code  Gb  exit.o [3]
flash_identify          0x1fff1dbb   0xa6  Code  Lc  system_MK60.o [1]
g_bus_clock             0x1fff353c    0x4  Data  Gb  HW_MCG.o [1]
g_core_clock            0x1fff3538    0x4  Data  Gb  HW_MCG.o [1]
g_flash_clock           0x1fff3540    0x4  Data  Gb  HW_MCG.o [1]
g_flexbus_clock         0x1fff3544    0x4  Data  Gb  HW_MCG.o [1]
key_init_struct         0x1fff35f4   0x14  Data  Gb  Key.o [1]
main                    0x1fff31c3   0x18  Code  Gb  Overload.o [1]
out_char                0x1fff33d5    0xe  Code  Gb  io.o [1]
printf                  0x1fff12c3   0x1c  Code  Gb  printf.o [1]
printk                  0x1fff0ef3  0x3d0  Code  Gb  printf.o [1]
printk_mknumstr         0x1fff0e41   0x76  Code  Lc  printf.o [1]
printk_pad_space        0x1fff0ed5   0x1e  Code  Lc  printf.o [1]
printk_pad_zero         0x1fff0eb7   0x1e  Code  Lc  printf.o [1]
printk_putc             0x1fff0e15   0x2c  Code  Lc  printf.o [1]
server_PWM_init_struct  0x1fff360c   0x1c  Data  Gb  Server.o [1]
strlen                  0x1fff12e5   0x1c  Code  Gb  stdlib.o [1]


[1] = D:\workspace\LPLD_OSKinetis_V3\project\Overload\iar\RAM\Obj
[2] = command line
[3] = dl7M_tln.a
[4] = m7M_tl.a
[5] = rt7M_tl.a
[6] = shb_l.a

  11 020 bytes of readonly  code memory
      80 bytes of readwrite code memory
   2 508 bytes of readonly  data memory
   1 264 bytes of readwrite data memory

Errors: none
Warnings: none
